
Ingy@DESKTOP-J9VGLKF MINGW64 ~
$ cd AnoujaRep

Ingy@DESKTOP-J9VGLKF MINGW64 ~/AnoujaRep (master)
$ ls
README.md

Ingy@DESKTOP-J9VGLKF MINGW64 ~/AnoujaRep (master)
$ git status
On branch master
Your branch is up to date with 'origin/master'.

nothing to commit, working tree clean

Ingy@DESKTOP-J9VGLKF MINGW64 ~/AnoujaRep (master)
$ ^C

Ingy@DESKTOP-J9VGLKF MINGW64 ~/AnoujaRep (master)
$ git int
git: 'int' is not a git command. See 'git --help'.

The most similar command is
        init

Ingy@DESKTOP-J9VGLKF MINGW64 ~/AnoujaRep (master)
$ git init
Reinitialized existing Git repository in C:/Users/user/AnoujaRep/.git/

Ingy@DESKTOP-J9VGLKF MINGW64 ~/AnoujaRep (master)
$ git add 1.1 Getting Started - About Version Control
fatal: pathspec '1.1' did not match any files

Ingy@DESKTOP-J9VGLKF MINGW64 ~/AnoujaRep (master)
$ add GettingStarted
bash: add: command not found

Ingy@DESKTOP-J9VGLKF MINGW64 ~/AnoujaRep (master)
$ git add GettingStarted
fatal: pathspec 'GettingStarted' did not match any files

Ingy@DESKTOP-J9VGLKF MINGW64 ~/AnoujaRep (master)
$ git add .

Ingy@DESKTOP-J9VGLKF MINGW64 ~/AnoujaRep (master)
$ git status
On branch master
Your branch is up to date with 'origin/master'.

nothing to commit, working tree clean

Ingy@DESKTOP-J9VGLKF MINGW64 ~/AnoujaRep (master)
$ git add GettingStarted
fatal: pathspec 'GettingStarted' did not match any files

Ingy@DESKTOP-J9VGLKF MINGW64 ~/AnoujaRep (master)
$ git commit

*** Please tell me who you are.

Run

  git config --global user.email "you@example.com"
  git config --global user.name "Your Name"

to set your account's default identity.
Omit --global to set the identity only in this repository.

fatal: unable to auto-detect email address (got 'Ingy@DESKTOP-J9VGLKF.(none)')

Ingy@DESKTOP-J9VGLKF MINGW64 ~/AnoujaRep (master)
$ git commit -m "First commit"

*** Please tell me who you are.

Run

  git config --global user.email "you@example.com"
  git config --global user.name "Your Name"

to set your account's default identity.
Omit --global to set the identity only in this repository.

fatal: unable to auto-detect email address (got 'Ingy@DESKTOP-J9VGLKF.(none)')

Ingy@DESKTOP-J9VGLKF MINGW64 ~/AnoujaRep (master)
$ git commit GettingStarted
error: pathspec 'GettingStarted' did not match any file(s) known to git.

Ingy@DESKTOP-J9VGLKF MINGW64 ~/AnoujaRep (master)
$ git add GettingStarted
fatal: pathspec 'GettingStarted' did not match any files

Ingy@DESKTOP-J9VGLKF MINGW64 ~/AnoujaRep (master)
$ git add .

Ingy@DESKTOP-J9VGLKF MINGW64 ~/AnoujaRep (master)
$ git commit

*** Please tell me who you are.

Run

  git config --global user.email "you@example.com"
  git config --global user.name "Your Name"

to set your account's default identity.
Omit --global to set the identity only in this repository.

fatal: unable to auto-detect email address (got 'Ingy@DESKTOP-J9VGLKF.(none)')

Ingy@DESKTOP-J9VGLKF MINGW64 ~/AnoujaRep (master)
$ git add GettingStarted
fatal: pathspec 'GettingStarted' did not match any files

Ingy@DESKTOP-J9VGLKF MINGW64 ~/AnoujaRep (master)
$ git add GettingStarted
fatal: pathspec 'GettingStarted' did not match any files

Ingy@DESKTOP-J9VGLKF MINGW64 ~/AnoujaRep (master)
$ git add GettingStarted
fatal: pathspec 'GettingStarted' did not match any files

Ingy@DESKTOP-J9VGLKF MINGW64 ~/AnoujaRep (master)
$ git add GettingStarted
fatal: pathspec 'GettingStarted' did not match any files

Ingy@DESKTOP-J9VGLKF MINGW64 ~/AnoujaRep (master)
$ git push u-(GettingStarted)
bash: syntax error near unexpected token `('

Ingy@DESKTOP-J9VGLKF MINGW64 ~/AnoujaRep (master)
$ git push u- (GettingStarted)
bash: syntax error near unexpected token `('

Ingy@DESKTOP-J9VGLKF MINGW64 ~/AnoujaRep (master)
$ git push -u GettingStarted
fatal: 'GettingStarted' does not appear to be a git repository
fatal: Could not read from remote repository.

Please make sure you have the correct access rights
and the repository exists.

Ingy@DESKTOP-J9VGLKF MINGW64 ~/AnoujaRep (master)
$ git init
Reinitialized existing Git repository in C:/Users/user/AnoujaRep/.git/

Ingy@DESKTOP-J9VGLKF MINGW64 ~/AnoujaRep (master)
$ git push -u GettingStarted
fatal: 'GettingStarted' does not appear to be a git repository
fatal: Could not read from remote repository.

Please make sure you have the correct access rights
and the repository exists.

Ingy@DESKTOP-J9VGLKF MINGW64 ~/AnoujaRep (master)
$ git push -uGettingStarted
error: unknown switch `G'
usage: git push [<options>] [<repository> [<refspec>...]]

    -v, --verbose         be more verbose
    -q, --quiet           be more quiet
    --repo <repository>   repository
    --all                 push all refs
    --mirror              mirror all refs
    -d, --delete          delete refs
    --tags                push tags (can't be used with --all or --mirror)
    -n, --dry-run         dry run
    --porcelain           machine-readable output
    -f, --force           force updates
    --force-with-lease[=<refname>:<expect>]
                          require old value of ref to be at this value
    --recurse-submodules[=<check|on-demand|no>]
                          control recursive pushing of submodules
    --thin                use thin pack
    --receive-pack <receive-pack>
                          receive pack program
    --exec <receive-pack>
                          receive pack program
    -u, --set-upstream    set upstream for git pull/status
    --progress            force progress reporting
    --prune               prune locally removed refs
    --no-verify           bypass pre-push hook
    --follow-tags         push missing but relevant tags
    --signed[=<yes|no|if-asked>]
                          GPG sign the push
    --atomic              request atomic transaction on remote side
    -o, --push-option <server-specific>
                          option to transmit
    -4, --ipv4            use IPv4 addresses only
    -6, --ipv6            use IPv6 addresses only


Ingy@DESKTOP-J9VGLKF MINGW64 ~/AnoujaRep (master)
$ git fetch origin master
remote: Counting objects: 17, done.
remote: Compressing objects: 100% (15/15), done.
gremote: Total 17 (delta 5), reused 0 (delta 0), pack-reused 0
Unpacking objects: 100% (17/17), done.
From https://github.com/IngyAhmad/AnoujaRep
 * branch            master     -> FETCH_HEAD
   2971c41..e0058ad  master     -> origin/master

Ingy@DESKTOP-J9VGLKF MINGW64 ~/AnoujaRep (master)
$ git merge origin master
Updating 2971c41..e0058ad
Fast-forward
 3.1 Git Branching - Branches in a Nutshell  | 73 +++++++++++++++++++++++++++++
 5.1 Distributed Git - Distributed Workflows | 34 ++++++++++++++
 AllMyCommands.txt                           |  1 +
 GettingStarted                              | 22 +++++++++
 4 files changed, 130 insertions(+)
 create mode 100644 3.1 Git Branching - Branches in a Nutshell
 create mode 100644 5.1 Distributed Git - Distributed Workflows
 create mode 100644 AllMyCommands.txt
 create mode 100644 GettingStarted

Ingy@DESKTOP-J9VGLKF MINGW64 ~/AnoujaRep (master)
$ touch GettingStarted

Ingy@DESKTOP-J9VGLKF MINGW64 ~/AnoujaRep (master)
$ git add GettingStarted.txt

Ingy@DESKTOP-J9VGLKF MINGW64 ~/AnoujaRep (master)
$ touch ^C

Ingy@DESKTOP-J9VGLKF MINGW64 ~/AnoujaRep (master)
Ingy@DESKTOP-J9VGLKF MINGW64 ~
$ touch 3.1 Git Branching - Branches in a Nutshell
touch: setting times of '-': Invalid argument

Ingy@DESKTOP-J9VGLKF MINGW64 ~
$ git update
Warning! `git update` has been deprecated;
Please use `git update-git-for-windows instead.
Git for Windows 2.16.1.windows.4 (64bit)
Up to date

Ingy@DESKTOP-J9VGLKF MINGW64 ~
$ git update-git-for-windows
Git for Windows 2.16.1.windows.4 (64bit)
Up to date

Ingy@DESKTOP-J9VGLKF MINGW64 ~
$ ls
 3.1
'3D Objects'/
 a
 AnoujaRep/
 AppData/
'Application Data'@
 Branches
 Branching
 Contacts/
 Cookies@
 Desktop/
 Documents/
 Downloads/
 Favorites/
 Git
 in
 IntelGraphicsProfiles/
 Links/
'Local Settings'@
 MicrosoftEdgeBackups/
 Music/
'My Documents'@
 NetHood@
 NTUSER.DAT
 ntuser.dat.LOG1
 ntuser.dat.LOG2
 NTUSER.DAT{47a6a17a-a514-11e7-a94e-ec0d9a05c860}.TM.blf
 NTUSER.DAT{47a6a17a-a514-11e7-a94e-ec0d9a05c860}.TMContainer00000000000000000001.regtrans-ms
 NTUSER.DAT{47a6a17a-a514-11e7-a94e-ec0d9a05c860}.TMContainer00000000000000000002.regtrans-ms
 ntuser.ini
 Nutshell
 OneDrive/
 Pictures/
 PrintHood@
 Recent@
'Saved Games'/
 Searches/
 SendTo@
 source/
'Start Menu'@
 Templates@
 Videos/

Ingy@DESKTOP-J9VGLKF MINGW64 ~
$ touch 3.1

Ingy@DESKTOP-J9VGLKF MINGW64 ~
$ git add 3.1.txt
fatal: Not a git repository (or any of the parent directories): .git

Ingy@DESKTOP-J9VGLKF MINGW64 ~
$ git add 3.1.txt
fatal: Not a git repository (or any of the parent directories): .git

Ingy@DESKTOP-J9VGLKF MINGW64 ~
$ ls
 3.1
'3D Objects'/
 a
 AnoujaRep/
 AppData/
'Application Data'@
 Branches
 Branching
 Contacts/
 Cookies@
 Desktop/
 Documents/
 Downloads/
 Favorites/
 Git
 in
 IntelGraphicsProfiles/
 Links/
'Local Settings'@
 MicrosoftEdgeBackups/
 Music/
'My Documents'@
 NetHood@
 NTUSER.DAT
 ntuser.dat.LOG1
 ntuser.dat.LOG2
 NTUSER.DAT{47a6a17a-a514-11e7-a94e-ec0d9a05c860}.TM.blf
 NTUSER.DAT{47a6a17a-a514-11e7-a94e-ec0d9a05c860}.TMContainer00000000000000000001.regtrans-ms
 NTUSER.DAT{47a6a17a-a514-11e7-a94e-ec0d9a05c860}.TMContainer00000000000000000002.regtrans-ms
 ntuser.ini
 Nutshell
 OneDrive/
 Pictures/
 PrintHood@
 Recent@
'Saved Games'/
 Searches/
 SendTo@
 source/
'Start Menu'@
 Templates@
 Videos/

Ingy@DESKTOP-J9VGLKF MINGW64 ~
$ touch 3.1

Ingy@DESKTOP-J9VGLKF MINGW64 ~
$ git add 3.1.txt
fatal: Not a git repository (or any of the parent directories): .git

Ingy@DESKTOP-J9VGLKF MINGW64 ~
$ git pull upstream master
fatal: Not a git repository (or any of the parent directories): .git

Ingy@DESKTOP-J9VGLKF MINGW64 ~
$ cd AnoujaRep

Ingy@DESKTOP-J9VGLKF MINGW64 ~/AnoujaRep (master)
$ ls
'3.1 Git Branching - Branches in a Nutshell'    AllMyCommands.txt   README.md
'5.1 Distributed Git - Distributed Workflows'   GettingStarted

Ingy@DESKTOP-J9VGLKF MINGW64 ~/AnoujaRep (master)
$ touch 3.1 Git Branching - Branches in a Nutshell
touch: setting times of '-': Invalid argument

Ingy@DESKTOP-J9VGLKF MINGW64 ~/AnoujaRep (master)
$ ls
 3.1                                            AllMyCommands.txt   Git
'3.1 Git Branching - Branches in a Nutshell'    Branches            in
'5.1 Distributed Git - Distributed Workflows'   Branching           Nutshell
 a                                              GettingStarted      README.md

Ingy@DESKTOP-J9VGLKF MINGW64 ~/AnoujaRep (master)
$


